// Jest Snapshot v1, https://goo.gl/fbAQLP

exports[`nimbuild-webpack.js Builds development bundles from \`entry\` 1`] = `
Object {
  "entry": Array [
    "preact",
  ],
  "script": "/******/ (function(modules) { // webpackBootstrap
/******/ 	// The module cache
/******/ 	var installedModules = {};
/******/
/******/ 	// The require function
/******/ 	function __webpack_require__(moduleId) {
/******/
/******/ 		// Check if module is in cache
/******/ 		if(installedModules[moduleId]) {
/******/ 			return installedModules[moduleId].exports;
/******/ 		}
/******/ 		// Create a new module (and put it into the cache)
/******/ 		var module = installedModules[moduleId] = {
/******/ 			i: moduleId,
/******/ 			l: false,
/******/ 			exports: {}
/******/ 		};
/******/
/******/ 		// Execute the module function
/******/ 		modules[moduleId].call(module.exports, module, module.exports, __webpack_require__);
/******/
/******/ 		// Flag the module as loaded
/******/ 		module.l = true;
/******/
/******/ 		// Return the exports of the module
/******/ 		return module.exports;
/******/ 	}
/******/
/******/
/******/ 	// expose the modules object (__webpack_modules__)
/******/ 	__webpack_require__.m = modules;
/******/
/******/ 	// expose the module cache
/******/ 	__webpack_require__.c = installedModules;
/******/
/******/ 	// define getter function for harmony exports
/******/ 	__webpack_require__.d = function(exports, name, getter) {
/******/ 		if(!__webpack_require__.o(exports, name)) {
/******/ 			Object.defineProperty(exports, name, { enumerable: true, get: getter });
/******/ 		}
/******/ 	};
/******/
/******/ 	// define __esModule on exports
/******/ 	__webpack_require__.r = function(exports) {
/******/ 		if(typeof Symbol !== 'undefined' && Symbol.toStringTag) {
/******/ 			Object.defineProperty(exports, Symbol.toStringTag, { value: 'Module' });
/******/ 		}
/******/ 		Object.defineProperty(exports, '__esModule', { value: true });
/******/ 	};
/******/
/******/ 	// create a fake namespace object
/******/ 	// mode & 1: value is a module id, require it
/******/ 	// mode & 2: merge all properties of value into the ns
/******/ 	// mode & 4: return value when already ns object
/******/ 	// mode & 8|1: behave like require
/******/ 	__webpack_require__.t = function(value, mode) {
/******/ 		if(mode & 1) value = __webpack_require__(value);
/******/ 		if(mode & 8) return value;
/******/ 		if((mode & 4) && typeof value === 'object' && value && value.__esModule) return value;
/******/ 		var ns = Object.create(null);
/******/ 		__webpack_require__.r(ns);
/******/ 		Object.defineProperty(ns, 'default', { enumerable: true, value: value });
/******/ 		if(mode & 2 && typeof value != 'string') for(var key in value) __webpack_require__.d(ns, key, function(key) { return value[key]; }.bind(null, key));
/******/ 		return ns;
/******/ 	};
/******/
/******/ 	// getDefaultExport function for compatibility with non-harmony modules
/******/ 	__webpack_require__.n = function(module) {
/******/ 		var getter = module && module.__esModule ?
/******/ 			function getDefault() { return module['default']; } :
/******/ 			function getModuleExports() { return module; };
/******/ 		__webpack_require__.d(getter, 'a', getter);
/******/ 		return getter;
/******/ 	};
/******/
/******/ 	// Object.prototype.hasOwnProperty.call
/******/ 	__webpack_require__.o = function(object, property) { return Object.prototype.hasOwnProperty.call(object, property); };
/******/
/******/ 	// __webpack_public_path__
/******/ 	__webpack_require__.p = \\"\\";
/******/
/******/
/******/ 	// Load entry module and return exports
/******/ 	return __webpack_require__(__webpack_require__.s = 0);
/******/ })
/************************************************************************/
/******/ ([
/* 0 */
/***/ (function(module, exports, __webpack_require__) {

module.exports = __webpack_require__(1);


/***/ }),
/* 1 */
/***/ (function(module, exports, __webpack_require__) {

(function (global, factory) {
   true ? factory(exports) : undefined;
})(this, function (exports) {
  'use strict';

  var VNode = function VNode() {};

  var options = {};
  var stack = [];
  var EMPTY_CHILDREN = [];

  function h(nodeName, attributes) {
    var children = EMPTY_CHILDREN,
        lastSimple = void 0,
        child = void 0,
        simple = void 0,
        i = void 0;

    for (i = arguments.length; i-- > 2;) {
      stack.push(arguments[i]);
    }

    if (attributes && attributes.children != null) {
      if (!stack.length) stack.push(attributes.children);
      delete attributes.children;
    }

    while (stack.length) {
      if ((child = stack.pop()) && child.pop !== undefined) {
        for (i = child.length; i--;) {
          stack.push(child[i]);
        }
      } else {
        if (typeof child === 'boolean') child = null;

        if (simple = typeof nodeName !== 'function') {
          if (child == null) child = '';else if (typeof child === 'number') child = String(child);else if (typeof child !== 'string') simple = false;
        }

        if (simple && lastSimple) {
          children[children.length - 1] += child;
        } else if (children === EMPTY_CHILDREN) {
          children = [child];
        } else {
          children.push(child);
        }

        lastSimple = simple;
      }
    }

    var p = new VNode();
    p.nodeName = nodeName;
    p.children = children;
    p.attributes = attributes == null ? undefined : attributes;
    p.key = attributes == null ? undefined : attributes.key;
    if (options.vnode !== undefined) options.vnode(p);
    return p;
  }

  function extend(obj, props) {
    for (var i in props) {
      obj[i] = props[i];
    }

    return obj;
  }

  function applyRef(ref, value) {
    if (ref) {
      if (typeof ref == 'function') ref(value);else ref.current = value;
    }
  }

  var defer = typeof Promise == 'function' ? Promise.resolve().then.bind(Promise.resolve()) : setTimeout;

  function cloneElement(vnode, props) {
    return h(vnode.nodeName, extend(extend({}, vnode.attributes), props), arguments.length > 2 ? [].slice.call(arguments, 2) : vnode.children);
  }

  var NO_RENDER = 0;
  var SYNC_RENDER = 1;
  var FORCE_RENDER = 2;
  var ASYNC_RENDER = 3;
  var ATTR_KEY = '__preactattr_';
  var IS_NON_DIMENSIONAL = /acit|ex(?:s|g|n|p|$)|rph|ows|mnc|ntw|ine[ch]|zoo|^ord/i;
  var items = [];

  function enqueueRender(component) {
    if (!component._dirty && (component._dirty = true) && items.push(component) == 1) {
      (options.debounceRendering || defer)(rerender);
    }
  }

  function rerender() {
    var p = void 0;

    while (p = items.pop()) {
      if (p._dirty) renderComponent(p);
    }
  }

  function isSameNodeType(node, vnode, hydrating) {
    if (typeof vnode === 'string' || typeof vnode === 'number') {
      return node.splitText !== undefined;
    }

    if (typeof vnode.nodeName === 'string') {
      return !node._componentConstructor && isNamedNode(node, vnode.nodeName);
    }

    return hydrating || node._componentConstructor === vnode.nodeName;
  }

  function isNamedNode(node, nodeName) {
    return node.normalizedNodeName === nodeName || node.nodeName.toLowerCase() === nodeName.toLowerCase();
  }

  function getNodeProps(vnode) {
    var props = extend({}, vnode.attributes);
    props.children = vnode.children;
    var defaultProps = vnode.nodeName.defaultProps;

    if (defaultProps !== undefined) {
      for (var i in defaultProps) {
        if (props[i] === undefined) {
          props[i] = defaultProps[i];
        }
      }
    }

    return props;
  }

  function createNode(nodeName, isSvg) {
    var node = isSvg ? document.createElementNS('http://www.w3.org/2000/svg', nodeName) : document.createElement(nodeName);
    node.normalizedNodeName = nodeName;
    return node;
  }

  function removeNode(node) {
    var parentNode = node.parentNode;
    if (parentNode) parentNode.removeChild(node);
  }

  function setAccessor(node, name, old, value, isSvg) {
    if (name === 'className') name = 'class';

    if (name === 'key') {} else if (name === 'ref') {
      applyRef(old, null);
      applyRef(value, node);
    } else if (name === 'class' && !isSvg) {
      node.className = value || '';
    } else if (name === 'style') {
      if (!value || typeof value === 'string' || typeof old === 'string') {
        node.style.cssText = value || '';
      }

      if (value && typeof value === 'object') {
        if (typeof old !== 'string') {
          for (var i in old) {
            if (!(i in value)) node.style[i] = '';
          }
        }

        for (var _i in value) {
          node.style[_i] = typeof value[_i] === 'number' && IS_NON_DIMENSIONAL.test(_i) === false ? value[_i] + 'px' : value[_i];
        }
      }
    } else if (name === 'dangerouslySetInnerHTML') {
      if (value) node.innerHTML = value.__html || '';
    } else if (name[0] == 'o' && name[1] == 'n') {
      var useCapture = name !== (name = name.replace(/Capture$/, ''));
      name = name.toLowerCase().substring(2);

      if (value) {
        if (!old) node.addEventListener(name, eventProxy, useCapture);
      } else {
        node.removeEventListener(name, eventProxy, useCapture);
      }

      (node._listeners || (node._listeners = {}))[name] = value;
    } else if (name !== 'list' && name !== 'type' && !isSvg && name in node) {
      try {
        node[name] = value == null ? '' : value;
      } catch (e) {}

      if ((value == null || value === false) && name != 'spellcheck') node.removeAttribute(name);
    } else {
      var ns = isSvg && name !== (name = name.replace(/^xlink:?/, ''));

      if (value == null || value === false) {
        if (ns) node.removeAttributeNS('http://www.w3.org/1999/xlink', name.toLowerCase());else node.removeAttribute(name);
      } else if (typeof value !== 'function') {
        if (ns) node.setAttributeNS('http://www.w3.org/1999/xlink', name.toLowerCase(), value);else node.setAttribute(name, value);
      }
    }
  }

  function eventProxy(e) {
    return this._listeners[e.type](options.event && options.event(e) || e);
  }

  var mounts = [];
  var diffLevel = 0;
  var isSvgMode = false;
  var hydrating = false;

  function flushMounts() {
    var c = void 0;

    while (c = mounts.shift()) {
      if (options.afterMount) options.afterMount(c);
      if (c.componentDidMount) c.componentDidMount();
    }
  }

  function diff(dom, vnode, context, mountAll, parent, componentRoot) {
    if (!diffLevel++) {
      isSvgMode = parent != null && parent.ownerSVGElement !== undefined;
      hydrating = dom != null && !(ATTR_KEY in dom);
    }

    var ret = idiff(dom, vnode, context, mountAll, componentRoot);
    if (parent && ret.parentNode !== parent) parent.appendChild(ret);

    if (! --diffLevel) {
      hydrating = false;
      if (!componentRoot) flushMounts();
    }

    return ret;
  }

  function idiff(dom, vnode, context, mountAll, componentRoot) {
    var out = dom,
        prevSvgMode = isSvgMode;
    if (vnode == null || typeof vnode === 'boolean') vnode = '';

    if (typeof vnode === 'string' || typeof vnode === 'number') {
      if (dom && dom.splitText !== undefined && dom.parentNode && (!dom._component || componentRoot)) {
        if (dom.nodeValue != vnode) {
          dom.nodeValue = vnode;
        }
      } else {
        out = document.createTextNode(vnode);

        if (dom) {
          if (dom.parentNode) dom.parentNode.replaceChild(out, dom);
          recollectNodeTree(dom, true);
        }
      }

      out[ATTR_KEY] = true;
      return out;
    }

    var vnodeName = vnode.nodeName;

    if (typeof vnodeName === 'function') {
      return buildComponentFromVNode(dom, vnode, context, mountAll);
    }

    isSvgMode = vnodeName === 'svg' ? true : vnodeName === 'foreignObject' ? false : isSvgMode;
    vnodeName = String(vnodeName);

    if (!dom || !isNamedNode(dom, vnodeName)) {
      out = createNode(vnodeName, isSvgMode);

      if (dom) {
        while (dom.firstChild) {
          out.appendChild(dom.firstChild);
        }

        if (dom.parentNode) dom.parentNode.replaceChild(out, dom);
        recollectNodeTree(dom, true);
      }
    }

    var fc = out.firstChild,
        props = out[ATTR_KEY],
        vchildren = vnode.children;

    if (props == null) {
      props = out[ATTR_KEY] = {};

      for (var a = out.attributes, i = a.length; i--;) {
        props[a[i].name] = a[i].value;
      }
    }

    if (!hydrating && vchildren && vchildren.length === 1 && typeof vchildren[0] === 'string' && fc != null && fc.splitText !== undefined && fc.nextSibling == null) {
      if (fc.nodeValue != vchildren[0]) {
        fc.nodeValue = vchildren[0];
      }
    } else if (vchildren && vchildren.length || fc != null) {
      innerDiffNode(out, vchildren, context, mountAll, hydrating || props.dangerouslySetInnerHTML != null);
    }

    diffAttributes(out, vnode.attributes, props);
    isSvgMode = prevSvgMode;
    return out;
  }

  function innerDiffNode(dom, vchildren, context, mountAll, isHydrating) {
    var originalChildren = dom.childNodes,
        children = [],
        keyed = {},
        keyedLen = 0,
        min = 0,
        len = originalChildren.length,
        childrenLen = 0,
        vlen = vchildren ? vchildren.length : 0,
        j = void 0,
        c = void 0,
        f = void 0,
        vchild = void 0,
        child = void 0;

    if (len !== 0) {
      for (var i = 0; i < len; i++) {
        var _child = originalChildren[i],
            props = _child[ATTR_KEY],
            key = vlen && props ? _child._component ? _child._component.__key : props.key : null;

        if (key != null) {
          keyedLen++;
          keyed[key] = _child;
        } else if (props || (_child.splitText !== undefined ? isHydrating ? _child.nodeValue.trim() : true : isHydrating)) {
          children[childrenLen++] = _child;
        }
      }
    }

    if (vlen !== 0) {
      for (var _i = 0; _i < vlen; _i++) {
        vchild = vchildren[_i];
        child = null;
        var _key = vchild.key;

        if (_key != null) {
          if (keyedLen && keyed[_key] !== undefined) {
            child = keyed[_key];
            keyed[_key] = undefined;
            keyedLen--;
          }
        } else if (min < childrenLen) {
          for (j = min; j < childrenLen; j++) {
            if (children[j] !== undefined && isSameNodeType(c = children[j], vchild, isHydrating)) {
              child = c;
              children[j] = undefined;
              if (j === childrenLen - 1) childrenLen--;
              if (j === min) min++;
              break;
            }
          }
        }

        child = idiff(child, vchild, context, mountAll);
        f = originalChildren[_i];

        if (child && child !== dom && child !== f) {
          if (f == null) {
            dom.appendChild(child);
          } else if (child === f.nextSibling) {
            removeNode(f);
          } else {
            dom.insertBefore(child, f);
          }
        }
      }
    }

    if (keyedLen) {
      for (var _i2 in keyed) {
        if (keyed[_i2] !== undefined) recollectNodeTree(keyed[_i2], false);
      }
    }

    while (min <= childrenLen) {
      if ((child = children[childrenLen--]) !== undefined) recollectNodeTree(child, false);
    }
  }

  function recollectNodeTree(node, unmountOnly) {
    var component = node._component;

    if (component) {
      unmountComponent(component);
    } else {
      if (node[ATTR_KEY] != null) applyRef(node[ATTR_KEY].ref, null);

      if (unmountOnly === false || node[ATTR_KEY] == null) {
        removeNode(node);
      }

      removeChildren(node);
    }
  }

  function removeChildren(node) {
    node = node.lastChild;

    while (node) {
      var next = node.previousSibling;
      recollectNodeTree(node, true);
      node = next;
    }
  }

  function diffAttributes(dom, attrs, old) {
    var name = void 0;

    for (name in old) {
      if (!(attrs && attrs[name] != null) && old[name] != null) {
        setAccessor(dom, name, old[name], old[name] = undefined, isSvgMode);
      }
    }

    for (name in attrs) {
      if (name !== 'children' && name !== 'innerHTML' && (!(name in old) || attrs[name] !== (name === 'value' || name === 'checked' ? dom[name] : old[name]))) {
        setAccessor(dom, name, old[name], old[name] = attrs[name], isSvgMode);
      }
    }
  }

  var recyclerComponents = [];

  function createComponent(Ctor, props, context) {
    var inst = void 0,
        i = recyclerComponents.length;

    if (Ctor.prototype && Ctor.prototype.render) {
      inst = new Ctor(props, context);
      Component.call(inst, props, context);
    } else {
      inst = new Component(props, context);
      inst.constructor = Ctor;
      inst.render = doRender;
    }

    while (i--) {
      if (recyclerComponents[i].constructor === Ctor) {
        inst.nextBase = recyclerComponents[i].nextBase;
        recyclerComponents.splice(i, 1);
        return inst;
      }
    }

    return inst;
  }

  function doRender(props, state, context) {
    return this.constructor(props, context);
  }

  function setComponentProps(component, props, renderMode, context, mountAll) {
    if (component._disable) return;
    component._disable = true;
    component.__ref = props.ref;
    component.__key = props.key;
    delete props.ref;
    delete props.key;

    if (typeof component.constructor.getDerivedStateFromProps === 'undefined') {
      if (!component.base || mountAll) {
        if (component.componentWillMount) component.componentWillMount();
      } else if (component.componentWillReceiveProps) {
        component.componentWillReceiveProps(props, context);
      }
    }

    if (context && context !== component.context) {
      if (!component.prevContext) component.prevContext = component.context;
      component.context = context;
    }

    if (!component.prevProps) component.prevProps = component.props;
    component.props = props;
    component._disable = false;

    if (renderMode !== NO_RENDER) {
      if (renderMode === SYNC_RENDER || options.syncComponentUpdates !== false || !component.base) {
        renderComponent(component, SYNC_RENDER, mountAll);
      } else {
        enqueueRender(component);
      }
    }

    applyRef(component.__ref, component);
  }

  function renderComponent(component, renderMode, mountAll, isChild) {
    if (component._disable) return;
    var props = component.props,
        state = component.state,
        context = component.context,
        previousProps = component.prevProps || props,
        previousState = component.prevState || state,
        previousContext = component.prevContext || context,
        isUpdate = component.base,
        nextBase = component.nextBase,
        initialBase = isUpdate || nextBase,
        initialChildComponent = component._component,
        skip = false,
        snapshot = previousContext,
        rendered = void 0,
        inst = void 0,
        cbase = void 0;

    if (component.constructor.getDerivedStateFromProps) {
      state = extend(extend({}, state), component.constructor.getDerivedStateFromProps(props, state));
      component.state = state;
    }

    if (isUpdate) {
      component.props = previousProps;
      component.state = previousState;
      component.context = previousContext;

      if (renderMode !== FORCE_RENDER && component.shouldComponentUpdate && component.shouldComponentUpdate(props, state, context) === false) {
        skip = true;
      } else if (component.componentWillUpdate) {
        component.componentWillUpdate(props, state, context);
      }

      component.props = props;
      component.state = state;
      component.context = context;
    }

    component.prevProps = component.prevState = component.prevContext = component.nextBase = null;
    component._dirty = false;

    if (!skip) {
      rendered = component.render(props, state, context);

      if (component.getChildContext) {
        context = extend(extend({}, context), component.getChildContext());
      }

      if (isUpdate && component.getSnapshotBeforeUpdate) {
        snapshot = component.getSnapshotBeforeUpdate(previousProps, previousState);
      }

      var childComponent = rendered && rendered.nodeName,
          toUnmount = void 0,
          base = void 0;

      if (typeof childComponent === 'function') {
        var childProps = getNodeProps(rendered);
        inst = initialChildComponent;

        if (inst && inst.constructor === childComponent && childProps.key == inst.__key) {
          setComponentProps(inst, childProps, SYNC_RENDER, context, false);
        } else {
          toUnmount = inst;
          component._component = inst = createComponent(childComponent, childProps, context);
          inst.nextBase = inst.nextBase || nextBase;
          inst._parentComponent = component;
          setComponentProps(inst, childProps, NO_RENDER, context, false);
          renderComponent(inst, SYNC_RENDER, mountAll, true);
        }

        base = inst.base;
      } else {
        cbase = initialBase;
        toUnmount = initialChildComponent;

        if (toUnmount) {
          cbase = component._component = null;
        }

        if (initialBase || renderMode === SYNC_RENDER) {
          if (cbase) cbase._component = null;
          base = diff(cbase, rendered, context, mountAll || !isUpdate, initialBase && initialBase.parentNode, true);
        }
      }

      if (initialBase && base !== initialBase && inst !== initialChildComponent) {
        var baseParent = initialBase.parentNode;

        if (baseParent && base !== baseParent) {
          baseParent.replaceChild(base, initialBase);

          if (!toUnmount) {
            initialBase._component = null;
            recollectNodeTree(initialBase, false);
          }
        }
      }

      if (toUnmount) {
        unmountComponent(toUnmount);
      }

      component.base = base;

      if (base && !isChild) {
        var componentRef = component,
            t = component;

        while (t = t._parentComponent) {
          (componentRef = t).base = base;
        }

        base._component = componentRef;
        base._componentConstructor = componentRef.constructor;
      }
    }

    if (!isUpdate || mountAll) {
      mounts.push(component);
    } else if (!skip) {
      if (component.componentDidUpdate) {
        component.componentDidUpdate(previousProps, previousState, snapshot);
      }

      if (options.afterUpdate) options.afterUpdate(component);
    }

    while (component._renderCallbacks.length) {
      component._renderCallbacks.pop().call(component);
    }

    if (!diffLevel && !isChild) flushMounts();
  }

  function buildComponentFromVNode(dom, vnode, context, mountAll) {
    var c = dom && dom._component,
        originalComponent = c,
        oldDom = dom,
        isDirectOwner = c && dom._componentConstructor === vnode.nodeName,
        isOwner = isDirectOwner,
        props = getNodeProps(vnode);

    while (c && !isOwner && (c = c._parentComponent)) {
      isOwner = c.constructor === vnode.nodeName;
    }

    if (c && isOwner && (!mountAll || c._component)) {
      setComponentProps(c, props, ASYNC_RENDER, context, mountAll);
      dom = c.base;
    } else {
      if (originalComponent && !isDirectOwner) {
        unmountComponent(originalComponent);
        dom = oldDom = null;
      }

      c = createComponent(vnode.nodeName, props, context);

      if (dom && !c.nextBase) {
        c.nextBase = dom;
        oldDom = null;
      }

      setComponentProps(c, props, SYNC_RENDER, context, mountAll);
      dom = c.base;

      if (oldDom && dom !== oldDom) {
        oldDom._component = null;
        recollectNodeTree(oldDom, false);
      }
    }

    return dom;
  }

  function unmountComponent(component) {
    if (options.beforeUnmount) options.beforeUnmount(component);
    var base = component.base;
    component._disable = true;
    if (component.componentWillUnmount) component.componentWillUnmount();
    component.base = null;
    var inner = component._component;

    if (inner) {
      unmountComponent(inner);
    } else if (base) {
      if (base[ATTR_KEY] != null) applyRef(base[ATTR_KEY].ref, null);
      component.nextBase = base;
      removeNode(base);
      recyclerComponents.push(component);
      removeChildren(base);
    }

    applyRef(component.__ref, null);
  }

  function Component(props, context) {
    this._dirty = true;
    this.context = context;
    this.props = props;
    this.state = this.state || {};
    this._renderCallbacks = [];
  }

  extend(Component.prototype, {
    setState: function setState(state, callback) {
      if (!this.prevState) this.prevState = this.state;
      this.state = extend(extend({}, this.state), typeof state === 'function' ? state(this.state, this.props) : state);
      if (callback) this._renderCallbacks.push(callback);
      enqueueRender(this);
    },
    forceUpdate: function forceUpdate(callback) {
      if (callback) this._renderCallbacks.push(callback);
      renderComponent(this, FORCE_RENDER);
    },
    render: function render() {}
  });

  function render(vnode, parent, merge) {
    return diff(merge, vnode, {}, false, parent, false);
  }

  function createRef() {
    return {};
  }

  var preact = {
    h: h,
    createElement: h,
    cloneElement: cloneElement,
    createRef: createRef,
    Component: Component,
    render: render,
    rerender: rerender,
    options: options
  };
  exports.default = preact;
  exports.h = h;
  exports.createElement = h;
  exports.cloneElement = cloneElement;
  exports.createRef = createRef;
  exports.Component = Component;
  exports.render = render;
  exports.rerender = rerender;
  exports.options = options;
  Object.defineProperty(exports, '__esModule', {
    value: true
  });
});

/***/ })
/******/ ]);",
}
`;

exports[`nimbuild-webpack.js Builds empty string with empty \`entry\` 1`] = `
Object {
  "entry": Array [],
  "script": "",
}
`;

exports[`nimbuild-webpack.js Builds production bundles from \`entry\` 1`] = `
Object {
  "entry": Array [
    "preact",
  ],
  "script": "!function(e){var t={};function n(o){if(t[o])return t[o].exports;var r=t[o]={i:o,l:!1,exports:{}};return e[o].call(r.exports,r,r.exports,n),r.l=!0,r.exports}n.m=e,n.c=t,n.d=function(e,t,o){n.o(e,t)||Object.defineProperty(e,t,{enumerable:!0,get:o})},n.r=function(e){\\"undefined\\"!==typeof Symbol&&Symbol.toStringTag&&Object.defineProperty(e,Symbol.toStringTag,{value:\\"Module\\"}),Object.defineProperty(e,\\"__esModule\\",{value:!0})},n.t=function(e,t){if(1&t&&(e=n(e)),8&t)return e;if(4&t&&\\"object\\"===typeof e&&e&&e.__esModule)return e;var o=Object.create(null);if(n.r(o),Object.defineProperty(o,\\"default\\",{enumerable:!0,value:e}),2&t&&\\"string\\"!=typeof e)for(var r in e)n.d(o,r,function(t){return e[t]}.bind(null,r));return o},n.n=function(e){var t=e&&e.__esModule?function(){return e.default}:function(){return e};return n.d(t,\\"a\\",t),t},n.o=function(e,t){return Object.prototype.hasOwnProperty.call(e,t)},n.p=\\"\\",n(n.s=0)}([function(e,t,n){e.exports=n(1)},function(e,t,n){!function(e){\\"use strict\\";var t=function(){},n={},o=[],r=[];function i(e,i){var l=r,a=void 0,s=void 0,u=void 0,p=void 0;for(p=arguments.length;p-- >2;)o.push(arguments[p]);for(i&&null!=i.children&&(o.length||o.push(i.children),delete i.children);o.length;)if((s=o.pop())&&void 0!==s.pop)for(p=s.length;p--;)o.push(s[p]);else\\"boolean\\"===typeof s&&(s=null),(u=\\"function\\"!==typeof e)&&(null==s?s=\\"\\":\\"number\\"===typeof s?s=String(s):\\"string\\"!==typeof s&&(u=!1)),u&&a?l[l.length-1]+=s:l===r?l=[s]:l.push(s),a=u;var c=new t;return c.nodeName=e,c.children=l,c.attributes=null==i?void 0:i,c.key=null==i?void 0:i.key,void 0!==n.vnode&&n.vnode(c),c}function l(e,t){for(var n in t)e[n]=t[n];return e}function a(e,t){e&&(\\"function\\"==typeof e?e(t):e.current=t)}var s=\\"function\\"==typeof Promise?Promise.resolve().then.bind(Promise.resolve()):setTimeout;function u(e,t){return i(e.nodeName,l(l({},e.attributes),t),arguments.length>2?[].slice.call(arguments,2):e.children)}var p=0,c=1,d=2,f=3,v=\\"__preactattr_\\",m=/acit|ex(?:s|g|n|p|$)|rph|ows|mnc|ntw|ine[ch]|zoo|^ord/i,h=[];function y(e){!e._dirty&&(e._dirty=!0)&&1==h.push(e)&&(n.debounceRendering||s)(_)}function _(){for(var e=void 0;e=h.pop();)e._dirty&&V(e)}function b(e,t,n){return\\"string\\"===typeof t||\\"number\\"===typeof t?void 0!==e.splitText:\\"string\\"===typeof t.nodeName?!e._componentConstructor&&g(e,t.nodeName):n||e._componentConstructor===t.nodeName}function g(e,t){return e.normalizedNodeName===t||e.nodeName.toLowerCase()===t.toLowerCase()}function C(e){var t=l({},e.attributes);t.children=e.children;var n=e.nodeName.defaultProps;if(void 0!==n)for(var o in n)void 0===t[o]&&(t[o]=n[o]);return t}function x(e){var t=e.parentNode;t&&t.removeChild(e)}function N(e,t,n,o,r){if(\\"className\\"===t&&(t=\\"class\\"),\\"key\\"===t);else if(\\"ref\\"===t)a(n,null),a(o,e);else if(\\"class\\"!==t||r)if(\\"style\\"===t){if(o&&\\"string\\"!==typeof o&&\\"string\\"!==typeof n||(e.style.cssText=o||\\"\\"),o&&\\"object\\"===typeof o){if(\\"string\\"!==typeof n)for(var i in n)i in o||(e.style[i]=\\"\\");for(var l in o)e.style[l]=\\"number\\"===typeof o[l]&&!1===m.test(l)?o[l]+\\"px\\":o[l]}}else if(\\"dangerouslySetInnerHTML\\"===t)o&&(e.innerHTML=o.__html||\\"\\");else if(\\"o\\"==t[0]&&\\"n\\"==t[1]){var s=t!==(t=t.replace(/Capture$/,\\"\\"));t=t.toLowerCase().substring(2),o?n||e.addEventListener(t,S,s):e.removeEventListener(t,S,s),(e._listeners||(e._listeners={}))[t]=o}else if(\\"list\\"!==t&&\\"type\\"!==t&&!r&&t in e){try{e[t]=null==o?\\"\\":o}catch(p){}null!=o&&!1!==o||\\"spellcheck\\"==t||e.removeAttribute(t)}else{var u=r&&t!==(t=t.replace(/^xlink:?/,\\"\\"));null==o||!1===o?u?e.removeAttributeNS(\\"http://www.w3.org/1999/xlink\\",t.toLowerCase()):e.removeAttribute(t):\\"function\\"!==typeof o&&(u?e.setAttributeNS(\\"http://www.w3.org/1999/xlink\\",t.toLowerCase(),o):e.setAttribute(t,o))}else e.className=o||\\"\\"}function S(e){return this._listeners[e.type](n.event&&n.event(e)||e)}var w=[],k=0,P=!1,U=!1;function M(){for(var e=void 0;e=w.shift();)n.afterMount&&n.afterMount(e),e.componentDidMount&&e.componentDidMount()}function T(e,t,n,o,r,i){k++||(P=null!=r&&void 0!==r.ownerSVGElement,U=null!=e&&!(v in e));var l=B(e,t,n,o,i);return r&&l.parentNode!==r&&r.appendChild(l),--k||(U=!1,i||M()),l}function B(e,t,n,o,r){var i=e,l=P;if(null!=t&&\\"boolean\\"!==typeof t||(t=\\"\\"),\\"string\\"===typeof t||\\"number\\"===typeof t)return e&&void 0!==e.splitText&&e.parentNode&&(!e._component||r)?e.nodeValue!=t&&(e.nodeValue=t):(i=document.createTextNode(t),e&&(e.parentNode&&e.parentNode.replaceChild(i,e),L(e,!0))),i[v]=!0,i;var a,s,u=t.nodeName;if(\\"function\\"===typeof u)return function(e,t,n,o){for(var r=e&&e._component,i=r,l=e,a=r&&e._componentConstructor===t.nodeName,s=a,u=C(t);r&&!s&&(r=r._parentComponent);)s=r.constructor===t.nodeName;return r&&s&&(!o||r._component)?(D(r,u,f,n,o),e=r.base):(i&&!a&&(A(i),e=l=null),r=O(t.nodeName,u,n),e&&!r.nextBase&&(r.nextBase=e,l=null),D(r,u,c,n,o),e=r.base,l&&e!==l&&(l._component=null,L(l,!1))),e}(e,t,n,o);if(P=\\"svg\\"===u||\\"foreignObject\\"!==u&&P,u=String(u),(!e||!g(e,u))&&(a=u,(s=P?document.createElementNS(\\"http://www.w3.org/2000/svg\\",a):document.createElement(a)).normalizedNodeName=a,i=s,e)){for(;e.firstChild;)i.appendChild(e.firstChild);e.parentNode&&e.parentNode.replaceChild(i,e),L(e,!0)}var p=i.firstChild,d=i[v],m=t.children;if(null==d){d=i[v]={};for(var h=i.attributes,y=h.length;y--;)d[h[y].name]=h[y].value}return!U&&m&&1===m.length&&\\"string\\"===typeof m[0]&&null!=p&&void 0!==p.splitText&&null==p.nextSibling?p.nodeValue!=m[0]&&(p.nodeValue=m[0]):(m&&m.length||null!=p)&&function(e,t,n,o,r){var i=e.childNodes,l=[],a={},s=0,u=0,p=i.length,c=0,d=t?t.length:0,f=void 0,m=void 0,h=void 0,y=void 0,_=void 0;if(0!==p)for(var g=0;g<p;g++){var C=i[g],N=C[v],S=d&&N?C._component?C._component.__key:N.key:null;null!=S?(s++,a[S]=C):(N||(void 0!==C.splitText?!r||C.nodeValue.trim():r))&&(l[c++]=C)}if(0!==d)for(var w=0;w<d;w++){y=t[w],_=null;var k=y.key;if(null!=k)s&&void 0!==a[k]&&(_=a[k],a[k]=void 0,s--);else if(u<c)for(f=u;f<c;f++)if(void 0!==l[f]&&b(m=l[f],y,r)){_=m,l[f]=void 0,f===c-1&&c--,f===u&&u++;break}_=B(_,y,n,o),h=i[w],_&&_!==e&&_!==h&&(null==h?e.appendChild(_):_===h.nextSibling?x(h):e.insertBefore(_,h))}if(s)for(var P in a)void 0!==a[P]&&L(a[P],!1);for(;u<=c;)void 0!==(_=l[c--])&&L(_,!1)}(i,m,n,o,U||null!=d.dangerouslySetInnerHTML),function(e,t,n){var o=void 0;for(o in n)t&&null!=t[o]||null==n[o]||N(e,o,n[o],n[o]=void 0,P);for(o in t)\\"children\\"===o||\\"innerHTML\\"===o||o in n&&t[o]===(\\"value\\"===o||\\"checked\\"===o?e[o]:n[o])||N(e,o,n[o],n[o]=t[o],P)}(i,t.attributes,d),P=l,i}function L(e,t){var n=e._component;n?A(n):(null!=e[v]&&a(e[v].ref,null),!1!==t&&null!=e[v]||x(e),j(e))}function j(e){for(e=e.lastChild;e;){var t=e.previousSibling;L(e,!0),e=t}}var E=[];function O(e,t,n){var o=void 0,r=E.length;for(e.prototype&&e.prototype.render?(o=new e(t,n),R.call(o,t,n)):((o=new R(t,n)).constructor=e,o.render=W);r--;)if(E[r].constructor===e)return o.nextBase=E[r].nextBase,E.splice(r,1),o;return o}function W(e,t,n){return this.constructor(e,n)}function D(e,t,o,r,i){e._disable||(e._disable=!0,e.__ref=t.ref,e.__key=t.key,delete t.ref,delete t.key,\\"undefined\\"===typeof e.constructor.getDerivedStateFromProps&&(!e.base||i?e.componentWillMount&&e.componentWillMount():e.componentWillReceiveProps&&e.componentWillReceiveProps(t,r)),r&&r!==e.context&&(e.prevContext||(e.prevContext=e.context),e.context=r),e.prevProps||(e.prevProps=e.props),e.props=t,e._disable=!1,o!==p&&(o!==c&&!1===n.syncComponentUpdates&&e.base?y(e):V(e,c,i)),a(e.__ref,e))}function V(e,t,o,r){if(!e._disable){var i=e.props,a=e.state,s=e.context,u=e.prevProps||i,f=e.prevState||a,v=e.prevContext||s,m=e.base,h=e.nextBase,y=m||h,_=e._component,b=!1,g=v,x=void 0,N=void 0,S=void 0;if(e.constructor.getDerivedStateFromProps&&(a=l(l({},a),e.constructor.getDerivedStateFromProps(i,a)),e.state=a),m&&(e.props=u,e.state=f,e.context=v,t!==d&&e.shouldComponentUpdate&&!1===e.shouldComponentUpdate(i,a,s)?b=!0:e.componentWillUpdate&&e.componentWillUpdate(i,a,s),e.props=i,e.state=a,e.context=s),e.prevProps=e.prevState=e.prevContext=e.nextBase=null,e._dirty=!1,!b){x=e.render(i,a,s),e.getChildContext&&(s=l(l({},s),e.getChildContext())),m&&e.getSnapshotBeforeUpdate&&(g=e.getSnapshotBeforeUpdate(u,f));var P=x&&x.nodeName,U=void 0,B=void 0;if(\\"function\\"===typeof P){var j=C(x);(N=_)&&N.constructor===P&&j.key==N.__key?D(N,j,c,s,!1):(U=N,e._component=N=O(P,j,s),N.nextBase=N.nextBase||h,N._parentComponent=e,D(N,j,p,s,!1),V(N,c,o,!0)),B=N.base}else S=y,(U=_)&&(S=e._component=null),(y||t===c)&&(S&&(S._component=null),B=T(S,x,s,o||!m,y&&y.parentNode,!0));if(y&&B!==y&&N!==_){var E=y.parentNode;E&&B!==E&&(E.replaceChild(B,y),U||(y._component=null,L(y,!1)))}if(U&&A(U),e.base=B,B&&!r){for(var W=e,R=e;R=R._parentComponent;)(W=R).base=B;B._component=W,B._componentConstructor=W.constructor}}for(!m||o?w.push(e):b||(e.componentDidUpdate&&e.componentDidUpdate(u,f,g),n.afterUpdate&&n.afterUpdate(e));e._renderCallbacks.length;)e._renderCallbacks.pop().call(e);k||r||M()}}function A(e){n.beforeUnmount&&n.beforeUnmount(e);var t=e.base;e._disable=!0,e.componentWillUnmount&&e.componentWillUnmount(),e.base=null;var o=e._component;o?A(o):t&&(null!=t[v]&&a(t[v].ref,null),e.nextBase=t,x(t),E.push(e),j(t)),a(e.__ref,null)}function R(e,t){this._dirty=!0,this.context=t,this.props=e,this.state=this.state||{},this._renderCallbacks=[]}function H(e,t,n){return T(n,e,{},!1,t,!1)}function z(){return{}}l(R.prototype,{setState:function(e,t){this.prevState||(this.prevState=this.state),this.state=l(l({},this.state),\\"function\\"===typeof e?e(this.state,this.props):e),t&&this._renderCallbacks.push(t),y(this)},forceUpdate:function(e){e&&this._renderCallbacks.push(e),V(this,d)},render:function(){}});var F={h:i,createElement:i,cloneElement:u,createRef:z,Component:R,render:H,rerender:_,options:n};e.default=F,e.h=i,e.createElement=i,e.cloneElement=u,e.createRef=z,e.Component=R,e.render=H,e.rerender=_,e.options=n,Object.defineProperty(e,\\"__esModule\\",{value:!0})}(t)}]);",
}
`;
